v8 SFT: 28304 步 (1 epoch), 对齐 CEDLR 协议
初始 suffix NLL (含pad) = 15.8954
  0/28304 loss=8.7442 (305ms/步, ETA 144分)
  1000/28304 loss=2.8306 (102ms/步, ETA 46分)
  2000/28304 loss=3.3158 (102ms/步, ETA 45分)
  3000/28304 loss=2.8708 (101ms/步, ETA 43分)
  4000/28304 loss=2.2424 (101ms/步, ETA 41分)
  5000/28304 loss=2.6859 (103ms/步, ETA 40分)
  6000/28304 loss=2.3904 (104ms/步, ETA 39分)
  7000/28304 loss=2.1768 (104ms/步, ETA 37分)
  8000/28304 loss=2.2016 (104ms/步, ETA 35分)
  9000/28304 loss=2.8209 (105ms/步, ETA 34分)
  10000/28304 loss=2.4934 (105ms/步, ETA 32分)
  11000/28304 loss=1.8752 (105ms/步, ETA 30分)
  12000/28304 loss=2.8507 (105ms/步, ETA 29分)
  13000/28304 loss=1.5892 (105ms/步, ETA 27分)
  14000/28304 loss=2.6085 (104ms/步, ETA 25分)
  15000/28304 loss=2.1399 (104ms/步, ETA 23分)
  16000/28304 loss=2.3630 (104ms/步, ETA 21分)
  17000/28304 loss=2.0076 (104ms/步, ETA 20分)
  18000/28304 loss=2.0638 (105ms/步, ETA 18分)
  19000/28304 loss=1.9668 (105ms/步, ETA 16分)
  20000/28304 loss=2.7208 (105ms/步, ETA 15分)
  21000/28304 loss=1.9994 (106ms/步, ETA 13分)
  22000/28304 loss=1.8169 (106ms/步, ETA 11分)
  23000/28304 loss=2.2044 (106ms/步, ETA 9分)
  24000/28304 loss=2.5505 (106ms/步, ETA 8分)
  25000/28304 loss=2.0337 (106ms/步, ETA 6分)
  26000/28304 loss=2.3368 (106ms/步, ETA 4分)
  27000/28304 loss=2.2065 (106ms/步, ETA 2分)
  28000/28304 loss=2.3285 (106ms/步, ETA 1分)
FINAL suffix NLL (含pad) = 1.5764 (初始 15.8954)
v8 完成
