v6 (d320 多深度) 参数: 23.05M
st0 mean=10.0435 [10.04 10.04 10.04 10.04 10.04 10.04] (1005ms/step)
st200 mean=5.5104 [5.51 5.51 5.51 5.51 5.51 5.51] (309ms/step)
st400 mean=5.0119 [5.02 5.01 5.01 5.01 5.01 5.01] (303ms/step)
st600 mean=4.7366 [4.75 4.74 4.73 4.73 4.73 4.74] (304ms/step)
st800 mean=4.4730 [4.49 4.48 4.47 4.46 4.46 4.47] (296ms/step)
st1000 mean=3.9976 [4.02 4.00 3.99 3.99 3.99 4.00] (292ms/step)
st1200 mean=3.8758 [3.90 3.88 3.87 3.86 3.87 3.88] (289ms/step)
st1400 mean=3.8558 [3.88 3.86 3.85 3.84 3.85 3.86] (286ms/step)
st1600 mean=3.7412 [3.77 3.75 3.73 3.73 3.73 3.74] (287ms/step)
st1800 mean=3.8316 [3.86 3.84 3.82 3.82 3.82 3.83] (288ms/step)
st2000 mean=3.8367 [3.86 3.84 3.83 3.82 3.83 3.85] (288ms/step)
st2200 mean=3.7508 [3.78 3.75 3.74 3.74 3.74 3.76] (292ms/step)
st2400 mean=3.8254 [3.85 3.83 3.81 3.81 3.82 3.83] (297ms/step)
st2600 mean=3.5164 [3.55 3.52 3.50 3.50 3.50 3.52] (300ms/step)
st2800 mean=3.8363 [3.85 3.83 3.82 3.82 3.84 3.85] (302ms/step)

=== 各深度独立 val NLL (v6 d320 多深度) ===
  k= 1: NLL=4.2979
  k= 2: NLL=4.2814
  k= 4: NLL=4.2686
  k= 8: NLL=4.2583
  k=16: NLL=4.2513
  k=30: NLL=4.2596

=== 阶梯置信度早退 ===
  tau=0.00: NLL=4.2979 avg_k=1.00
  tau=0.20: NLL=4.2954 avg_k=13.75
  tau=0.40: NLL=4.2950 avg_k=17.18
  tau=0.60: NLL=4.2963 avg_k=20.07
  tau=0.80: NLL=4.2976 avg_k=23.25
  tau=0.95: NLL=4.2977 avg_k=25.92
结果已存 F:\夸克\rubikgla\deqlm6_results.json
