v9 纯对照: 5 层, 23.05M 参数 (v8=23.05M)
PT 0/39695 loss=10.0435 (458ms/步)
PT 2000/39695 loss=4.0741 (35ms/步)
PT 4000/39695 loss=3.5783 (35ms/步)
PT 6000/39695 loss=3.1983 (34ms/步)
PT 8000/39695 loss=3.1046 (34ms/步)
PT 10000/39695 loss=2.7869 (34ms/步)
PT 12000/39695 loss=2.6802 (34ms/步)
PT 14000/39695 loss=2.9663 (34ms/步)
PT 16000/39695 loss=2.8629 (34ms/步)
PT 18000/39695 loss=2.5487 (34ms/步)
PT 20000/39695 loss=2.6345 (34ms/步)
PT 22000/39695 loss=2.4841 (34ms/步)
PT 24000/39695 loss=2.4434 (34ms/步)
PT 26000/39695 loss=2.6922 (34ms/步)
PT 28000/39695 loss=2.3924 (34ms/步)
PT 30000/39695 loss=2.5059 (34ms/步)
PT 32000/39695 loss=2.2963 (34ms/步)
PT 34000/39695 loss=2.2816 (34ms/步)
PT 36000/39695 loss=2.3966 (34ms/步)
PT 38000/39695 loss=2.5113 (34ms/步)
PT 完成: 含pad=9.9649 真实=2.5364
SFT 0/28304 loss=5.7850 (49ms/步)
SFT 2000/28304 loss=2.0759 (54ms/步)
SFT 4000/28304 loss=1.4335 (55ms/步)
SFT 6000/28304 loss=1.4804 (55ms/步)
SFT 8000/28304 loss=1.3036 (54ms/步)
SFT 10000/28304 loss=1.4734 (54ms/步)
SFT 12000/28304 loss=1.8071 (54ms/步)
SFT 14000/28304 loss=1.7223 (54ms/步)
SFT 16000/28304 loss=1.5226 (54ms/步)
SFT 18000/28304 loss=1.2295 (54ms/步)
SFT 20000/28304 loss=1.8248 (54ms/步)
SFT 22000/28304 loss=1.1475 (54ms/步)
SFT 24000/28304 loss=1.7234 (54ms/步)
SFT 26000/28304 loss=1.5562 (54ms/步)
SFT 28000/28304 loss=1.4318 (54ms/步)
SFT 完成: 含pad=1.1665 真实=2.9401
v9 完成
