Building prefix dict from the default dictionary ...
Loading model from cache C:\Users\Administrator\AppData\Local\Temp\jieba.cache
Loading model cost 0.497 seconds.
Prefix dict has been built successfully.
F:\OpenASH\.venv\Lib\site-packages\torch\nn\modules\module.py:1369: UserWarning: expandable_segments not supported on this platform (Triggered internally at C:\actions-runner\_work\pytorch\pytorch\c10/cuda/CUDAAllocatorConfig.h:40.)
  return t.to(
F:\OpenASH2605\frsm_v6_moe\train_dense_moe.py:131: UserWarning: Converting a tensor with requires_grad=True to a scalar may lead to unexpected behavior.
Consider using tensor.detach() first. (Triggered internally at C:\actions-runner\_work\pytorch\pytorch\torch\csrc\autograd\generated\python_variable_methods.cpp:839.)
  aux_accum += float(model.aux_loss)
Traceback (most recent call last):
  File "F:\OpenASH2605\frsm_v6_moe\train_dense_moe.py", line 164, in <module>
    run()
    ~~~^^
  File "F:\OpenASH2605\frsm_v6_moe\train_dense_moe.py", line 151, in run
    tmp.rename(latest_path)
    ~~~~~~~~~~^^^^^^^^^^^^^
  File "C:\Users\Administrator\AppData\Roaming\uv\python\cpython-3.13.3-windows-x86_64-none\Lib\pathlib\_local.py", line 767, in rename
    os.rename(self, target)
    ~~~~~~~~~^^^^^^^^^^^^^^
FileExistsError: [WinError 183] 当文件已存在时，无法创建该文件。: 'dense_moe_pretrain\\latest.tmp' -> 'dense_moe_pretrain\\latest.pt'
