=== GPT 式残差 2 层: 召回训练 (L=512, 3000 步) ===
E:\minimax_h3_run\.venv\Lib\site-packages\torch\autograd\graph.py:979: UserWarning: Attempting to run cuBLAS, but there was no current CUDA context! Attempting to set the primary context... (Triggered internally at C:\actions-runner\_work\pytorch\pytorch\aten\src\ATen\cuda\CublasHandlePool.cpp:408.)
  return Variable._execution_engine.run_backward(  # Calls into the C++ engine to run the backward pass
E:\minimax_h3_run\.venv\Lib\site-packages\torch\autograd\graph.py:979: UserWarning: The AccumulateGrad node's stream does not match the stream of the node that produced the incoming gradient. This may incur unnecessary synchronization and break CUDA graph capture if the AccumulateGrad node's stream is the default stream. This mismatch is caused by an AccumulateGrad node created prior to the current iteration being kept alive. This can happen if the autograd graph is still being kept alive by tensors such as the loss, or if you are using DDP, which will stash a reference to the node. To resolve the mismatch, delete all references to the autograd graph or ensure that DDP initialization is performed under the same stream as subsequent forwards. If the mismatch is intentional, you can use torch.autograd.graph.set_warn_on_accumulate_grad_stream_mismatch(False) to suppress this warning. (Triggered internally at C:\actions-runner\_work\pytorch\pytorch\torch\csrc\autograd\input_buffer.cpp:323.)
  return Variable._execution_engine.run_backward(  # Calls into the C++ engine to run the backward pass
  metagru-recall 0 loss=0.63895 (1s)
  metagru-recall 500 loss=0.00054 (499s)
  ckpt @1000 已存
  metagru-recall 1000 loss=0.00006 (1002s)
  metagru-recall 1500 loss=0.00002 (1505s)
  ckpt @2000 已存
  metagru-recall 2000 loss=0.00001 (2008s)
  metagru-recall 2500 loss=0.00023 (2511s)
  ckpt @3000 已存
  == metagru-recall 训完 (3013s) ==
  gru-recall 0 loss=0.08254 (1s)
  gru-recall 500 loss=0.08431 (172s)
  ckpt @1000 已存
  gru-recall 1000 loss=0.00011 (344s)
  gru-recall 1500 loss=0.00003 (515s)
  ckpt @2000 已存
  gru-recall 2000 loss=0.00002 (687s)
  gru-recall 2500 loss=0.00022 (859s)
  ckpt @3000 已存
  == gru-recall 训完 (1030s) ==
=== 召回外推 ===
  L= 512: metagru=0.0000  xgru=0.0000  mxgru=0.0000  mx-rup=0.0000  mx-rdn=0.0000  stack_x-m=0.0825  stack_m-x=0.0843  stack_b-xm=0.0854  stack_b-mx=0.0816  res2_metagru=0.0001  res2_gru=0.0000
  L=1024: metagru=0.0000  xgru=0.0192  mxgru=0.0192  mx-rup=0.0424  mx-rdn=0.0317  stack_x-m=0.0861  stack_m-x=0.0824  stack_b-xm=0.0831  stack_b-mx=0.0817  res2_metagru=0.0028  res2_gru=0.0038
  L=2048: metagru=0.0005  xgru=0.1401  mxgru=0.1523  mx-rup=0.2696  mx-rdn=0.2013  stack_x-m=0.0812  stack_m-x=0.0844  stack_b-xm=0.0803  stack_b-mx=0.0855  res2_metagru=0.0183  res2_gru=0.0177
  L=4096: metagru=0.0033  xgru=0.4903  mxgru=0.4485  mx-rup=0.6160  mx-rdn=0.5686  stack_x-m=0.0810  stack_m-x=0.0859  stack_b-xm=0.0866  stack_b-mx=0.0844  res2_metagru=0.0659  res2_gru=0.0481
