=== adding T=200 (bs512, 625 姝? ===
  add200_gru: 0.00754 seeds=['0.00757', '0.00750'] (42s)
  add200_gru2: 0.00752 seeds=['0.00754', '0.00750'] (41s)
  add200_lstm: 0.00752 seeds=['0.00753', '0.00750'] (40s)
E:\minimax_h3_run\.venv\Lib\site-packages\torch\autograd\graph.py:979: UserWarning: The AccumulateGrad node's stream does not match the stream of the node that produced the incoming gradient. This may incur unnecessary synchronization and break CUDA graph capture if the AccumulateGrad node's stream is the default stream. This mismatch is caused by an AccumulateGrad node created prior to the current iteration being kept alive. This can happen if the autograd graph is still being kept alive by tensors such as the loss, or if you are using DDP, which will stash a reference to the node. To resolve the mismatch, delete all references to the autograd graph or ensure that DDP initialization is performed under the same stream as subsequent forwards. If the mismatch is intentional, you can use torch.autograd.graph.set_warn_on_accumulate_grad_stream_mismatch(False) to suppress this warning. (Triggered internally at C:\actions-runner\_work\pytorch\pytorch\torch\csrc\autograd\input_buffer.cpp:323.)
  return Variable._execution_engine.run_backward(  # Calls into the C++ engine to run the backward pass
  add200_metagru: 0.00009 seeds=['0.00010', '0.00007'] (223s)
  add200_xgru: 0.00380 seeds=['0.00134', '0.00627'] (218s)
=== adding T=400 (bs512, 750 姝? ===
  add400_gru: 0.00787 seeds=['0.00772', '0.00802'] (48s)
  add400_gru2: 0.00788 seeds=['0.00773', '0.00802'] (59s)
  add400_lstm: 0.00785 seeds=['0.00769', '0.00801'] (52s)
  add400_metagru: 0.00048 seeds=['0.00011', '0.00084'] (934s)
  add400_xgru: 0.00775 seeds=['0.00785', '0.00764'] (1036s)
=== 娣锋矊鍒ゅ埆 T=64 (bs512, 375 姝? ===
  chaos_gru: 0.90% seeds=['0.90%'] (26s)
  chaos_gru2: 0.92% seeds=['0.92%'] (27s)
  chaos_lstm: 0.88% seeds=['0.88%'] (26s)
  chaos_metagru: 1.00% seeds=['1.00%'] (29s)
  chaos_xgru: 1.00% seeds=['1.00%'] (27s)
=== char-LM ctx=128 (bs256, 625 姝? ===
  lm_gru: 2.29095 seeds=['2.29982', '2.28208'] (320s)
  lm_gru2: 2.32772 seeds=['2.31952', '2.33592'] (337s)
  lm_lstm: 2.58263 seeds=['2.60293', '2.56233'] (325s)
  lm_metagru: 2.32187 seeds=['2.31376', '2.32997'] (371s)
  lm_xgru: 2.25880 seeds=['2.25388', '2.26373'] (346s)

===== 姹囨€?=====
  add200_gru       0.00754
  add200_gru2      0.00752
  add200_lstm      0.00752
  add200_metagru   0.00009
  add200_xgru      0.00380
  add400_gru       0.00787
  add400_gru2      0.00788
  add400_lstm      0.00785
  add400_metagru   0.00048
  add400_xgru      0.00775
  chaos_gru        0.89746
  chaos_gru2       0.91797
  chaos_lstm       0.88281
  chaos_metagru    1.00000
  chaos_xgru       1.00000
  lm_gru           2.29095
  lm_gru2          2.32772
  lm_lstm          2.58263
  lm_metagru       2.32187
  lm_xgru          2.25880
