=== 任务1: adding T=200 (MSE) ===
  add_gru: best=0.00467 seeds=['0.00801', '0.00132'] (46s)
  add_metagru: best=0.00004 seeds=['0.00005', '0.00002'] (7232s)
  add_metaru2: best=0.00278 seeds=['0.00237', '0.00319'] (5475s)
=== 任务2: 混沌/周期判别 T=64 (ACC) ===
  chaos_gru: best=100.00% seeds=['100.0%', '100.0%'] (339s)
  chaos_metagru: best=100.00% seeds=['100.0%', '100.0%'] (2188s)
  chaos_metaru2: best=100.00% seeds=['100.0%', '100.0%'] (6115s)
=== 任务3: char-LM ctx=128 ===
  lm_gru: best=1.84195 seeds=['1.85231', '1.83159'] (714s)
  lm_metagru: best=1.88526 seeds=['1.88545', '1.88507'] (4262s)
  lm_metaru2: best=2.34446 seeds=['2.33195', '2.35697'] (3384s)

===== 结合实验汇总 (2 种子均值) =====
  add_gru          0.00467
  add_metagru      0.00004
  add_metaru2      0.00278
  chaos_gru        1.00000
  chaos_metagru    1.00000
  chaos_metaru2    1.00000
  lm_gru           1.84195
  lm_metagru       1.88526
  lm_metaru2       2.34446
