=== 训练 (L=512, 5000 步, MSE, metagru/xgru 用 CUDA graph) ===
  gru 0 loss=0.07763 (0s)
  gru 1000 loss=0.08428 (6s)
  gru 2000 loss=0.07831 (12s)
  gru 3000 loss=0.08427 (17s)
  gru 4000 loss=0.09124 (23s)
  == gru 训完 (29s) ==
  gru2 0 loss=0.08318 (0s)
  gru2 1000 loss=0.08424 (10s)
  gru2 2000 loss=0.07830 (21s)
  gru2 3000 loss=0.08419 (31s)
  gru2 4000 loss=0.09129 (41s)
  == gru2 训完 (52s) ==
  lstm 0 loss=0.08504 (0s)
  lstm 1000 loss=0.08426 (7s)
  lstm 2000 loss=0.07833 (13s)
  lstm 3000 loss=0.08420 (20s)
  lstm 4000 loss=0.09128 (27s)
  == lstm 训完 (34s) ==
E:\minimax_h3_run\.venv\Lib\site-packages\torch\autograd\graph.py:979: UserWarning: The AccumulateGrad node's stream does not match the stream of the node that produced the incoming gradient. This may incur unnecessary synchronization and break CUDA graph capture if the AccumulateGrad node's stream is the default stream. This mismatch is caused by an AccumulateGrad node created prior to the current iteration being kept alive. This can happen if the autograd graph is still being kept alive by tensors such as the loss, or if you are using DDP, which will stash a reference to the node. To resolve the mismatch, delete all references to the autograd graph or ensure that DDP initialization is performed under the same stream as subsequent forwards. If the mismatch is intentional, you can use torch.autograd.graph.set_warn_on_accumulate_grad_stream_mismatch(False) to suppress this warning. (Triggered internally at C:\actions-runner\_work\pytorch\pytorch\torch\csrc\autograd\input_buffer.cpp:323.)
  return Variable._execution_engine.run_backward(  # Calls into the C++ engine to run the backward pass
  metagru 0 loss=0.07907 (4s)
  metagru 1000 loss=0.08466 (506s)
  metagru 2000 loss=0.07829 (1014s)
  metagru 3000 loss=0.08385 (1521s)
  metagru 4000 loss=0.09044 (2030s)
  == metagru 训完 (2537s) ==
  xgru 0 loss=0.08068 (3s)
  xgru 1000 loss=0.08466 (503s)
  xgru 2000 loss=0.07803 (1002s)
  xgru 3000 loss=0.00240 (1500s)
  xgru 4000 loss=0.00007 (2000s)
  == xgru 训完 (2499s) ==

=== 召回泛化 (MSE, 训练 L=512, 测更长) ===
  L= 512: gru=0.0852  gru2=0.0881  lstm=0.0825  metagru=0.0000  xgru=0.0000
  L=1024: gru=0.0879  gru2=0.0775  lstm=0.0823  metagru=0.0000  xgru=0.0194
  L=2048: gru=0.0881  gru2=0.0856  lstm=0.0867  metagru=0.0004  xgru=0.1383
[W905 06:44:16.000000000 CUDACachingAllocator.cpp:3933] memory allocation failed with OOM on device 0 while trying to allocate 11293163520 bytes (free: 0, total: 25756696576).
  L=4096: gru=0.0852  gru2=0.0787  lstm=0.0835  metagru=0.0032  xgru=0.4847

完成
