ConvASH30 参数量: 29.55M
加载预训练缓存...
样本数: 1270225, batch=32, steps=39695
PT 0/39695 loss=40.681 (1s, 1435ms/step)
PT 250/39695 loss=9.589 (113s, 450ms/step)
PT 500/39695 loss=5.271 (224s, 448ms/step)
PT 750/39695 loss=5.005 (336s, 447ms/step)
PT 1000/39695 loss=4.870 (448s, 447ms/step)
PT 1250/39695 loss=4.831 (560s, 448ms/step)
PT 1500/39695 loss=4.689 (672s, 447ms/step)
PT 1750/39695 loss=4.826 (783s, 447ms/step)
PT 2000/39695 loss=4.671 (895s, 447ms/step)
PT 2250/39695 loss=4.564 (1007s, 447ms/step)
PT 2500/39695 loss=4.356 (1119s, 447ms/step)
PT 2750/39695 loss=4.510 (1231s, 447ms/step)
PT 3000/39695 loss=4.497 (1342s, 447ms/step)
PT 3250/39695 loss=4.098 (1454s, 447ms/step)
PT 3500/39695 loss=4.156 (1610s, 460ms/step)
PT 3750/39695 loss=4.140 (1779s, 474ms/step)
PT 4000/39695 loss=4.154 (1939s, 485ms/step)
PT 4250/39695 loss=3.973 (2108s, 496ms/step)
PT 4500/39695 loss=4.228 (2292s, 509ms/step)
PT 4750/39695 loss=4.319 (2458s, 517ms/step)
PT 5000/39695 loss=4.292 (2633s, 527ms/step)
PT 5250/39695 loss=4.274 (2795s, 532ms/step)
PT 5500/39695 loss=3.910 (2970s, 540ms/step)
PT 5750/39695 loss=4.194 (3141s, 546ms/step)
PT 6000/39695 loss=3.902 (3311s, 552ms/step)
PT 6250/39695 loss=4.066 (3485s, 557ms/step)
PT 6500/39695 loss=4.358 (3680s, 566ms/step)
PT 6750/39695 loss=4.159 (3866s, 573ms/step)
PT 7000/39695 loss=4.001 (4000s, 571ms/step)
PT 7250/39695 loss=4.167 (4174s, 576ms/step)
PT 7500/39695 loss=4.097 (4345s, 579ms/step)
PT 7750/39695 loss=4.282 (4517s, 583ms/step)
PT 8000/39695 loss=3.915 (4684s, 585ms/step)
PT 8250/39695 loss=4.048 (4860s, 589ms/step)
PT 8500/39695 loss=3.941 (5022s, 591ms/step)
PT 8750/39695 loss=3.964 (5203s, 595ms/step)
PT 9000/39695 loss=4.031 (5376s, 597ms/step)
PT 9250/39695 loss=3.944 (5561s, 601ms/step)
PT 9500/39695 loss=4.168 (5737s, 604ms/step)
PT 9750/39695 loss=3.842 (5926s, 608ms/step)
PT 10000/39695 loss=3.930 (6093s, 609ms/step)
PT 10250/39695 loss=3.824 (6256s, 610ms/step)
PT 10500/39695 loss=3.956 (6408s, 610ms/step)
PT 10750/39695 loss=3.986 (6563s, 610ms/step)
PT 11000/39695 loss=3.939 (6722s, 611ms/step)
PT 11250/39695 loss=3.918 (6896s, 613ms/step)
PT 11500/39695 loss=3.960 (7067s, 614ms/step)
PT 11750/39695 loss=3.892 (7243s, 616ms/step)
PT 12000/39695 loss=4.002 (7416s, 618ms/step)
PT 12250/39695 loss=4.110 (7601s, 620ms/step)
PT 12500/39695 loss=3.992 (7764s, 621ms/step)
PT 12750/39695 loss=3.729 (7940s, 623ms/step)
PT 13000/39695 loss=3.775 (8106s, 623ms/step)
PT 13250/39695 loss=3.775 (8280s, 625ms/step)
PT 13500/39695 loss=3.836 (8452s, 626ms/step)
PT 13750/39695 loss=3.917 (8623s, 627ms/step)
PT 14000/39695 loss=3.964 (8796s, 628ms/step)
PT 14250/39695 loss=3.907 (8963s, 629ms/step)
PT 14500/39695 loss=3.850 (9145s, 631ms/step)
PT 14750/39695 loss=4.182 (9309s, 631ms/step)
PT 15000/39695 loss=3.868 (9492s, 633ms/step)
PT 15250/39695 loss=4.060 (9655s, 633ms/step)
PT 15500/39695 loss=3.886 (9838s, 635ms/step)
PT 15750/39695 loss=3.827 (10002s, 635ms/step)
PT 16000/39695 loss=3.668 (10177s, 636ms/step)
PT 16250/39695 loss=3.693 (10343s, 636ms/step)
PT 16500/39695 loss=3.998 (10522s, 638ms/step)
PT 16750/39695 loss=3.625 (10687s, 638ms/step)
PT 17000/39695 loss=3.672 (10869s, 639ms/step)
PT 17250/39695 loss=3.901 (11041s, 640ms/step)
PT 17500/39695 loss=3.721 (11220s, 641ms/step)
PT 17750/39695 loss=3.679 (11381s, 641ms/step)
PT 18000/39695 loss=3.678 (11554s, 642ms/step)
PT 18250/39695 loss=3.788 (11717s, 642ms/step)
PT 18500/39695 loss=3.823 (11892s, 643ms/step)
PT 18750/39695 loss=3.665 (12060s, 643ms/step)
PT 19000/39695 loss=3.944 (12231s, 644ms/step)
PT 19250/39695 loss=4.019 (12401s, 644ms/step)
PT 19500/39695 loss=3.941 (12563s, 644ms/step)
PT 19750/39695 loss=3.744 (12744s, 645ms/step)
PT 20000/39695 loss=3.785 (12907s, 645ms/step)
PT 20250/39695 loss=3.682 (13088s, 646ms/step)
PT 20500/39695 loss=3.558 (13248s, 646ms/step)
PT 20750/39695 loss=3.743 (13424s, 647ms/step)
PT 21000/39695 loss=3.478 (13586s, 647ms/step)
PT 21250/39695 loss=4.023 (13764s, 648ms/step)
PT 21500/39695 loss=3.766 (13927s, 648ms/step)
PT 21750/39695 loss=3.652 (14100s, 648ms/step)
PT 22000/39695 loss=3.544 (14259s, 648ms/step)
PT 22250/39695 loss=3.745 (14428s, 648ms/step)
PT 22500/39695 loss=3.886 (14595s, 649ms/step)
PT 22750/39695 loss=3.754 (14771s, 649ms/step)
PT 23000/39695 loss=3.585 (14941s, 650ms/step)
PT 23250/39695 loss=3.842 (15112s, 650ms/step)
PT 23500/39695 loss=3.721 (15285s, 650ms/step)
PT 23750/39695 loss=4.042 (15452s, 651ms/step)
PT 24000/39695 loss=3.750 (15628s, 651ms/step)
PT 24250/39695 loss=3.808 (15799s, 651ms/step)
PT 24500/39695 loss=3.866 (15974s, 652ms/step)
PT 24750/39695 loss=3.855 (16131s, 652ms/step)
PT 25000/39695 loss=3.598 (16288s, 652ms/step)
PT 25250/39695 loss=3.744 (16449s, 651ms/step)
PT 25500/39695 loss=3.588 (16606s, 651ms/step)
PT 25750/39695 loss=3.549 (16777s, 651ms/step)
PT 26000/39695 loss=3.820 (16950s, 652ms/step)
PT 26250/39695 loss=3.577 (17133s, 653ms/step)
PT 26500/39695 loss=3.722 (17309s, 653ms/step)
PT 26750/39695 loss=3.718 (17476s, 653ms/step)
PT 27000/39695 loss=3.519 (17631s, 653ms/step)
PT 27250/39695 loss=3.679 (17801s, 653ms/step)
PT 27500/39695 loss=3.816 (17964s, 653ms/step)
PT 27750/39695 loss=3.613 (18137s, 654ms/step)
PT 28000/39695 loss=3.584 (18308s, 654ms/step)
PT 28250/39695 loss=3.498 (18489s, 654ms/step)
PT 28500/39695 loss=3.823 (18654s, 655ms/step)
PT 28750/39695 loss=3.778 (18838s, 655ms/step)
PT 29000/39695 loss=3.726 (19004s, 655ms/step)
PT 29250/39695 loss=3.784 (19186s, 656ms/step)
PT 29500/39695 loss=3.574 (19356s, 656ms/step)
PT 29750/39695 loss=3.644 (19537s, 657ms/step)
PT 30000/39695 loss=3.564 (19712s, 657ms/step)
PT 30250/39695 loss=3.488 (19886s, 657ms/step)
PT 30500/39695 loss=3.396 (20056s, 658ms/step)
PT 30750/39695 loss=3.588 (20234s, 658ms/step)
PT 31000/39695 loss=3.573 (20402s, 658ms/step)
PT 31250/39695 loss=3.637 (20573s, 658ms/step)
PT 31500/39695 loss=3.540 (20741s, 658ms/step)
PT 31750/39695 loss=3.784 (20920s, 659ms/step)
PT 32000/39695 loss=3.760 (21083s, 659ms/step)
PT 32250/39695 loss=3.462 (21257s, 659ms/step)
PT 32500/39695 loss=3.547 (21429s, 659ms/step)
PT 32750/39695 loss=3.557 (21599s, 660ms/step)
PT 33000/39695 loss=3.403 (21759s, 659ms/step)
PT 33250/39695 loss=3.626 (21910s, 659ms/step)
PT 33500/39695 loss=3.613 (22030s, 658ms/step)
PT 33750/39695 loss=3.453 (22149s, 656ms/step)
PT 34000/39695 loss=3.608 (22358s, 658ms/step)
PT 34250/39695 loss=3.969 (22523s, 658ms/step)
PT 34500/39695 loss=3.755 (22638s, 656ms/step)
PT 34750/39695 loss=3.712 (22774s, 655ms/step)
PT 35000/39695 loss=3.643 (23012s, 657ms/step)
PT 35250/39695 loss=3.569 (23173s, 657ms/step)
PT 35500/39695 loss=3.715 (23292s, 656ms/step)
PT 35750/39695 loss=3.396 (23414s, 655ms/step)
PT 36000/39695 loss=3.543 (23648s, 657ms/step)
PT 36250/39695 loss=3.629 (23828s, 657ms/step)
PT 36500/39695 loss=3.667 (23946s, 656ms/step)
PT 36750/39695 loss=3.903 (24062s, 655ms/step)
PT 37000/39695 loss=3.595 (24280s, 656ms/step)
PT 37250/39695 loss=3.482 (24481s, 657ms/step)
PT 37500/39695 loss=3.494 (24607s, 656ms/step)
PT 37750/39695 loss=3.902 (24726s, 655ms/step)
PT 38000/39695 loss=3.406 (24931s, 656ms/step)
PT 38250/39695 loss=3.490 (25144s, 657ms/step)
PT 38500/39695 loss=3.342 (25278s, 657ms/step)
PT 38750/39695 loss=3.458 (25427s, 656ms/step)
PT 39000/39695 loss=3.592 (25626s, 657ms/step)
PT 39250/39695 loss=3.434 (25813s, 658ms/step)
PT 39500/39695 loss=3.430 (26006s, 658ms/step)
预训练完成 26131s
加载 SFT 缓存...
SFT 样本数: 905718, steps=28304
SFT 0/28304 loss=10.097 (1s, 909ms/step)
SFT 250/28304 loss=1.177 (134s, 535ms/step)
SFT 500/28304 loss=0.203 (276s, 550ms/step)
SFT 750/28304 loss=0.102 (408s, 543ms/step)
SFT 1000/28304 loss=0.067 (546s, 546ms/step)
SFT 1250/28304 loss=0.029 (688s, 550ms/step)
SFT 1500/28304 loss=0.033 (824s, 549ms/step)
SFT 1750/28304 loss=0.027 (967s, 552ms/step)
SFT 2000/28304 loss=0.015 (1099s, 549ms/step)
SFT 2250/28304 loss=0.030 (1232s, 547ms/step)
SFT 2500/28304 loss=0.015 (1372s, 549ms/step)
SFT 2750/28304 loss=0.007 (1508s, 548ms/step)
SFT 3000/28304 loss=0.009 (1651s, 550ms/step)
SFT 3250/28304 loss=0.003 (1783s, 548ms/step)
SFT 3500/28304 loss=0.002 (1924s, 550ms/step)
SFT 3750/28304 loss=0.005 (2068s, 551ms/step)
SFT 4000/28304 loss=0.004 (2201s, 550ms/step)
SFT 4250/28304 loss=0.001 (2345s, 552ms/step)
SFT 4500/28304 loss=0.022 (2481s, 551ms/step)
SFT 4750/28304 loss=0.010 (2623s, 552ms/step)
SFT 5000/28304 loss=0.001 (2759s, 552ms/step)
SFT 5250/28304 loss=0.010 (2894s, 551ms/step)
